
> admin-frontend-react@1.0.0 dev
> vite --port 5173


  [32m[1mVITE[22m v5.4.21[39m  [2mready in [0m[1m2012[22m[2m[0m ms[22m

  [32m➜[39m  [1mLocal[22m:   [36mhttp://localhost:[1m5173[22m/[39m
[2m  [32m➜[39m  [1mNetwork[22m[2m: use [22m[1m--host[22m[2m to expose[22m
[2m[32m  ➜[39m[22m[2m  press [22m[1mh + enter[22m[2m to show help[22m
[2m7:12:49 pm[22m [36m[1m[vite][22m[39m [32mhmr update [39m[2m/src/index.css[22m
[2m7:15:02 pm[22m [36m[1m[vite][22m[39m [32mhmr update [39m[2m/src/components/Layout.jsx, /src/index.css[22m
[2m7:15:40 pm[22m [36m[1m[vite][22m[39m [32mhmr update [39m[2m/src/App.jsx, /src/index.css[22m
[2m7:16:32 pm[22m [36m[1m[vite][22m[39m [32mhmr update [39m[2m/src/pages/DashboardPage.jsx, /src/index.css[22m
[2m7:17:36 pm[22m [36m[1m[vite][22m[39m [32mhmr update [39m[2m/src/pages/DashboardPage.jsx, /src/index.css[22m
[2m7:18:27 pm[22m [36m[1m[vite][22m[39m [32mhmr update [39m[2m/src/pages/DashboardPage.jsx, /src/index.css[22m
[2m7:19:07 pm[22m [36m[1m[vite][22m[39m [32mhmr update [39m[2m/src/pages/ChatPage.jsx, /src/index.css[22m
[2m7:19:47 pm[22m [36m[1m[vite][22m[39m [32mhmr update [39m[2m/src/pages/ChatPage.jsx, /src/index.css[22m
[2m7:20:21 pm[22m [36m[1m[vite][22m[39m [32mhmr update [39m[2m/src/index.css, /src/App.jsx[22m
[2m7:21:18 pm[22m [36m[1m[vite][22m[39m [32mhmr update [39m[2m/src/index.css, /src/App.jsx[22m
[2m7:22:28 pm[22m [36m[1m[vite][22m[39m [32mhmr update [39m[2m/src/pages/ReviewsPage.jsx, /src/index.css[22m
[2m7:22:35 pm[22m [36m[1m[vite][22m[39m [32mhmr update [39m[2m/src/pages/ReviewsPage.jsx, /src/index.css[22m
[2m7:23:34 pm[22m [36m[1m[vite][22m[39m [32mhmr update [39m[2m/src/pages/OrdersPage.jsx, /src/index.css[22m
[2m7:24:27 pm[22m [36m[1m[vite][22m[39m [32mhmr update [39m[2m/src/pages/OrdersPage.jsx, /src/index.css[22m
[2m7:24:27 pm[22m [36m[1m[vite][22m[39m [32mhmr update [39m[2m/src/pages/OrdersPage.jsx, /src/index.css[22m
[2m7:24:44 pm[22m [36m[1m[vite][22m[39m [32mhmr update [39m[2m/src/components/explorer/ExplorerIcons.jsx, /src/index.css[22m
[2m7:24:52 pm[22m [36m[1m[vite][22m[39m [32mhmr update [39m[2m/src/components/explorer/ExplorerContextMenu.jsx, /src/index.css[22m
[2m7:25:14 pm[22m [36m[1m[vite][22m[39m [32mhmr update [39m[2m/src/components/explorer/ExplorerContextMenu.jsx, /src/index.css[22m
[2m7:25:26 pm[22m [36m[1m[vite][22m[39m [32mhmr update [39m[2m/src/components/explorer/ExplorerModals.jsx, /src/index.css[22m
[2m7:27:22 pm[22m [36m[1m[vite][22m[39m [32mhmr update [39m[2m/src/components/explorer/ExplorerModals.jsx, /src/index.css[22m
[2m7:27:38 pm[22m [36m[1m[vite][22m[39m [32mhmr update [39m[2m/src/pages/CatalogExplorerPage.jsx, /src/index.css[22m
[2m7:27:46 pm[22m [36m[1m[vite][22m[39m [32mhmr update [39m[2m/src/pages/CatalogExplorerPage.jsx, /src/index.css[22m
[2m7:27:56 pm[22m [36m[1m[vite][22m[39m [32mhmr update [39m[2m/src/pages/CatalogExplorerPage.jsx, /src/index.css[22m
[2m7:28:53 pm[22m [36m[1m[vite][22m[39m [32mhmr update [39m[2m/src/pages/CustomersPage.jsx, /src/index.css[22m
[2m7:29:43 pm[22m [36m[1m[vite][22m[39m [32mhmr update [39m[2m/src/pages/PaymentsPage.jsx, /src/index.css[22m
[2m7:30:47 pm[22m [36m[1m[vite][22m[39m [32mhmr update [39m[2m/src/index.css, /src/App.jsx[22m
[2m7:31:36 pm[22m [36m[1m[vite][22m[39m [32mhmr update [39m[2m/src/pages/DisputesPage.jsx, /src/index.css[22m
[2m7:32:53 pm[22m [36m[1m[vite][22m[39m [32mhmr update [39m[2m/src/pages/TicketsPage.jsx, /src/index.css[22m
[2m7:33:54 pm[22m [36m[1m[vite][22m[39m [32mhmr update [39m[2m/src/pages/NotificationsPage.jsx, /src/index.css[22m
[2m7:33:54 pm[22m [36m[1m[vite][22m[39m [32mhmr update [39m[2m/src/pages/NotificationsPage.jsx, /src/index.css[22m
[2m7:34:46 pm[22m [36m[1m[vite][22m[39m [32mhmr update [39m[2m/src/pages/AdminUsersPage.jsx, /src/index.css[22m
[2m7:34:46 pm[22m [36m[1m[vite][22m[39m [32mhmr update [39m[2m/src/pages/AdminUsersPage.jsx, /src/index.css[22m
[2m7:35:32 pm[22m [36m[1m[vite][22m[39m [32mhmr update [39m[2m/src/pages/AuditLogsPage.jsx, /src/index.css[22m
[2m7:36:33 pm[22m [36m[1m[vite][22m[39m [32mhmr update [39m[2m/src/pages/GlobalSettingsPage.jsx, /src/index.css[22m
[2m7:37:04 pm[22m [36m[1m[vite][22m[39m [32mhmr update [39m[2m/src/pages/CouponsPage.jsx, /src/index.css[22m
[2m7:38:00 pm[22m [36m[1m[vite][22m[39m [32mhmr update [39m[2m/src/pages/ApplicationsPage.jsx, /src/index.css[22m
[2m7:38:45 pm[22m [36m[1m[vite][22m[39m [32mhmr update [39m[2m/src/index.css, /src/App.jsx[22m
[2m7:39:29 pm[22m [36m[1m[vite][22m[39m [32mhmr update [39m[2m/src/index.css, /src/App.jsx[22m
[2m7:40:08 pm[22m [36m[1m[vite][22m[39m [32mhmr update [39m[2m/src/components/explorer/ProductDetailPanel.jsx, /src/index.css[22m
[2m7:40:08 pm[22m [36m[1m[vite][22m[39m [32mhmr update [39m[2m/src/components/explorer/ProductDetailPanel.jsx, /src/index.css[22m
[2m7:40:49 pm[22m [36m[1m[vite][22m[39m [32mhmr update [39m[2m/src/pages/ProductsPage.jsx, /src/index.css[22m
[2m7:41:33 pm[22m [36m[1m[vite][22m[39m [32mhmr update [39m[2m/src/pages/ProductsPage.jsx, /src/index.css[22m
[2m7:41:33 pm[22m [36m[1m[vite][22m[39m [32mhmr update [39m[2m/src/pages/ProductsPage.jsx, /src/index.css[22m
[2m7:42:38 pm[22m [36m[1m[vite][22m[39m [32mhmr update [39m[2m/src/pages/ProductsPage.jsx, /src/index.css[22m
[2m7:42:55 pm[22m [36m[1m[vite][22m[39m [32mhmr update [39m[2m/src/pages/ProductsPage.jsx, /src/index.css[22m
[2m7:43:45 pm[22m [36m[1m[vite][22m[39m [32mhmr update [39m[2m/src/index.css, /src/App.jsx[22m
[2m7:44:25 pm[22m [36m[1m[vite][22m[39m [32mhmr update [39m[2m/src/pages/ProductsPage.jsx, /src/index.css[22m
[2m7:46:53 pm[22m [36m[1m[vite][22m[39m [32mhmr update [39m[2m/src/pages/ProductsPage.jsx, /src/index.css[22m
[2m7:47:27 pm[22m [36m[1m[vite][22m[39m [32mhmr update [39m[2m/src/pages/ProductsPage.jsx, /src/index.css[22m
[2m7:47:40 pm[22m [36m[1m[vite][22m[39m [32mhmr update [39m[2m/src/components/explorer/explorer.css[22m
[2m7:48:15 pm[22m [36m[1m[vite][22m[39m [32mhmr update [39m[2m/src/components/explorer/explorer.css[22m
[2m7:48:28 pm[22m [36m[1m[vite][22m[39m [32mhmr update [39m[2m/src/components/explorer/explorer.css[22m
[2m7:48:39 pm[22m [36m[1m[vite][22m[39m [32mhmr update [39m[2m/src/pages/ReviewsPage.jsx, /src/index.css[22m
[2m7:48:47 pm[22m [36m[1m[vite][22m[39m [32mhmr update [39m[2m/src/pages/ReviewsPage.jsx, /src/index.css[22m
[2m7:48:47 pm[22m [36m[1m[vite][22m[39m [32mhmr update [39m[2m/src/pages/ReviewsPage.jsx, /src/index.css[22m
[2m7:49:00 pm[22m [36m[1m[vite][22m[39m [32mhmr update [39m[2m/src/pages/ApplicationsPage.jsx, /src/index.css[22m
[2m7:49:12 pm[22m [36m[1m[vite][22m[39m [32mhmr update [39m[2m/src/pages/ProductsPage.jsx, /src/index.css[22m
[2m7:50:14 pm[22m [36m[1m[vite][22m[39m [32mhmr update [39m[2m/src/index.css, /src/App.jsx[22m
[2m7:50:23 pm[22m [36m[1m[vite][22m[39m [32mhmr update [39m[2m/src/App.jsx, /src/index.css[22m
[2m7:50:55 pm[22m [36m[1m[vite][22m[39m [32mhmr update [39m[2m/src/pages/LoginPage.jsx, /src/index.css[22m
[2m8:01:42 pm[22m [36m[1m[vite][22m[39m [32mhmr update [39m[2m/src/pages/DashboardPage.jsx, /src/index.css[22m
[2m8:01:42 pm[22m [36m[1m[vite][22m[39m [32mhmr update [39m[2m/src/pages/DashboardPage.jsx, /src/index.css[22m
[2m8:04:17 pm[22m [36m[1m[vite][22m[39m [32mpage reload [39m[2msrc/lib/api.js[22m
[2m8:06:48 pm[22m [36m[1m[vite][22m[39m [32mpage reload [39m[2msrc/lib/api.js[22m
[2m8:07:13 pm[22m [36m[1m[vite][22m[39m [32mhmr update [39m[2m/src/pages/DashboardPage.jsx, /src/index.css[22m
[2m8:07:30 pm[22m [36m[1m[vite][22m[39m [32mhmr update [39m[2m/src/pages/OrdersPage.jsx, /src/index.css[22m
[2m8:07:46 pm[22m [36m[1m[vite][22m[39m [32mhmr update [39m[2m/src/pages/CustomersPage.jsx, /src/index.css[22m
[2m8:08:06 pm[22m [36m[1m[vite][22m[39m [32mhmr update [39m[2m/src/index.css, /src/App.jsx[22m
[2m8:08:50 pm[22m [36m[1m[vite][22m[39m [32mhmr update [39m[2m/src/pages/ReviewsPage.jsx, /src/index.css[22m
[2m8:09:17 pm[22m [36m[1m[vite][22m[39m [32mhmr update [39m[2m/src/pages/PaymentsPage.jsx, /src/index.css[22m
[2m8:09:18 pm[22m [36m[1m[vite][22m[39m [32mhmr update [39m[2m/src/pages/PaymentsPage.jsx, /src/index.css[22m
[2m8:10:19 pm[22m [36m[1m[vite][22m[39m [32mhmr update [39m[2m/src/pages/TicketsPage.jsx, /src/index.css[22m
[2m8:10:20 pm[22m [36m[1m[vite][22m[39m [32mhmr update [39m[2m/src/pages/TicketsPage.jsx, /src/index.css[22m
[2m8:11:10 pm[22m [36m[1m[vite][22m[39m [32mhmr update [39m[2m/src/pages/ChatPage.jsx, /src/index.css[22m
[2m8:11:52 pm[22m [36m[1m[vite][22m[39m [32mhmr update [39m[2m/src/pages/NotificationsPage.jsx, /src/index.css[22m
[2m8:15:03 pm[22m [36m[1m[vite][22m[39m [32mhmr update [39m[2m/src/index.css, /src/App.jsx[22m
[2m8:15:03 pm[22m [36m[1m[vite][22m[39m [32mhmr update [39m[2m/src/index.css, /src/App.jsx[22m
[2m8:15:38 pm[22m [36m[1m[vite][22m[39m [32mhmr update [39m[2m/src/pages/CustomersPage.jsx, /src/index.css[22m
[2m8:15:38 pm[22m [36m[1m[vite][22m[39m [32mhmr update [39m[2m/src/pages/CustomersPage.jsx, /src/index.css[22m
[2m9:08:24 pm[22m [36m[1m[vite][22m[39m [32mhmr update [39m[2m/src/index.css, /src/App.jsx[22m
[2m9:08:52 pm[22m [36m[1m[vite][22m[39m [32mhmr update [39m[2m/src/index.css, /src/App.jsx[22m
[2m9:09:20 pm[22m [36m[1m[vite][22m[39m [32mhmr update [39m[2m/src/index.css, /src/App.jsx[22m
