[redis] Connection error: 
[redis] Connection error: 
[redis] Connection error: 
[redis] Giving up after 3 retries — caching disabled.
[redis] Connection error: 
[redis] Connection error: 
[redis] Connection error: 
[redis] Connection error: 
[redis] Giving up after 3 retries — caching disabled.
[redis] Connection error: 
PrismaClientInitializationError: 
Invalid `prisma.product.findMany()` invocation in
C:\Users\akand\Desktop\Antigravity\OCEANBAZAR Website\backend\src\routes\products.ts:124:39

  121 
  122 // ── Featured: flag-first, tag fallback ──────────────────────────────────────
  123 if (collection === 'featured') {
→ 124   const rows = await prisma.product.findMany(
Can't reach database server at `localhost:5433`

Please make sure your database server is running at `localhost:5433`.
    at $n.handleRequestError (C:\Users\akand\Desktop\Antigravity\OCEANBAZAR Website\backend\node_modules\@prisma\client\runtime\library.js:121:7615)
    at $n.handleAndLogRequestError (C:\Users\akand\Desktop\Antigravity\OCEANBAZAR Website\backend\node_modules\@prisma\client\runtime\library.js:121:6623)
    at $n.request (C:\Users\akand\Desktop\Antigravity\OCEANBAZAR Website\backend\node_modules\@prisma\client\runtime\library.js:121:6307)
    at l (C:\Users\akand\Desktop\Antigravity\OCEANBAZAR Website\backend\node_modules\@prisma\client\runtime\library.js:130:9633)
    at resolveCollectionIds (C:\Users\akand\Desktop\Antigravity\OCEANBAZAR Website\backend\src\routes\products.ts:124:18)
    at C:\Users\akand\Desktop\Antigravity\OCEANBAZAR Website\backend\src\routes\products.ts:309:17
