
> oceanbazar-web@1.0.0 dev
> next dev

  ▲ Next.js 14.2.35
  - Local:        http://localhost:3000
  - Environments: .env.local, .env.development

 ✓ Starting...
 ✓ Ready in 3.8s
 ✓ Compiled /middleware in 368ms (102 modules)
 ○ Compiling /[locale] ...
 ✓ Compiled /[locale] in 5.5s (2100 modules)
 GET /en 200 in 7103ms
 GET /favicon.ico 404 in 100ms
 ○ Compiling /[locale]/chat ...
 ✓ Compiled /[locale]/tickets in 16.8s (2227 modules)
 ○ Compiling /[locale]/account ...
 ✓ Compiled /[locale]/account in 4s (2219 modules)
 ✓ Compiled in 397ms (1033 modules)
 ✓ Compiled in 6.5s (1033 modules)
 ✓ Compiled in 1309ms (1033 modules)
 ✓ Compiled in 3.4s (2193 modules)
 ✓ Compiled in 2.9s (1033 modules)
 ✓ Compiled in 2.5s (102 modules)
 ✓ Compiled in 6s (2193 modules)
