#
# There is insufficient memory for the Java Runtime Environment to continue.
# Native memory allocation (malloc) failed to allocate 1266336 bytes. Error detail: Chunk::new
# Possible reasons:
#   The system is out of physical RAM or swap space
#   This process is running with CompressedOops enabled, and the Java Heap may be blocking the growth of the native heap
# Possible solutions:
#   Reduce memory load on the system
#   Increase physical memory or swap space
#   Check if swap backing store is full
#   Decrease Java heap size (-Xmx/-Xms)
#   Decrease number of Java threads
#   Decrease Java thread stack sizes (-Xss)
#   Set larger code cache with -XX:ReservedCodeCacheSize=
#   JVM is running with Unscaled Compressed Oops mode in which the Java heap is
#     placed in the first 4GB address space. The Java Heap base address is the
#     maximum limit for the native heap growth. Please use -XX:HeapBaseMinAddress
#     to set the Java Heap base and to place the Java Heap above 4GB virtual address.
# This output file may be truncated or incomplete.
#
#  Out of Memory Error (arena.cpp:168), pid=18468, tid=30184
#
# JRE version: OpenJDK Runtime Environment Temurin-21.0.10+7 (21.0.10+7) (build 21.0.10+7-LTS)
# Java VM: OpenJDK 64-Bit Server VM Temurin-21.0.10+7 (21.0.10+7-LTS, mixed mode, sharing, tiered, compressed oops, compressed class ptrs, parallel gc, windows-amd64)
# No core dump will be written. Minidumps are not enabled by default on client versions of Windows
#

---------------  S U M M A R Y ------------

Command Line: --add-modules=ALL-SYSTEM --add-opens=java.base/java.util=ALL-UNNAMED --add-opens=java.base/java.lang=ALL-UNNAMED --add-opens=java.base/sun.nio.fs=ALL-UNNAMED -Declipse.application=org.eclipse.jdt.ls.core.id1 -Dosgi.bundles.defaultStartLevel=4 -Declipse.product=org.eclipse.jdt.ls.core.product -Djava.import.generatesMetadataFilesAtProjectRoot=false -DDetectVMInstallationsJob.disabled=true -Dfile.encoding=utf8 -XX:+UseParallelGC -XX:GCTimeRatio=4 -XX:AdaptiveSizePolicyWeight=90 -Dsun.zip.disableMemoryMapping=true -Xmx2G -Xms100m -Xlog:disable -javaagent:c:\Users\akand\.windsurf\extensions\redhat.java-1.53.0-win32-x64\lombok\lombok-1.18.39-4050.jar -XX:+HeapDumpOnOutOfMemoryError -XX:HeapDumpPath=c:\Users\akand\AppData\Roaming\Windsurf\User\workspaceStorage\8ca991e91ea8bf6a4267e723cca2772a\redhat.java -Daether.dependencyCollector.impl=bf c:\Users\akand\.windsurf\extensions\redhat.java-1.53.0-win32-x64\server\plugins\org.eclipse.equinox.launcher_1.7.100.v20251111-0406.jar -configuration c:\Users\akand\AppData\Roaming\Windsurf\User\globalStorage\redhat.java\1.53.0\config_win -data c:\Users\akand\AppData\Roaming\Windsurf\User\workspaceStorage\8ca991e91ea8bf6a4267e723cca2772a\redhat.java\jdt_ws --pipe=\\.\pipe\lsp-beecb28d0b05d7bd99de839b5bf08f51-sock

Host: Intel(R) Core(TM) i5-10300H CPU @ 2.50GHz, 8 cores, 7G,  Windows 11 , 64 bit Build 26100 (10.0.26100.7920)
Time: Mon Apr 13 01:37:41 2026 Korea Standard Time elapsed time: 1016.908760 seconds (0d 0h 16m 56s)

---------------  T H R E A D  ---------------

Current thread (0x0000019458be0d90):  JavaThread "C2 CompilerThread1" daemon [_thread_in_native, id=30184, stack(0x0000001ef0c00000,0x0000001ef0d00000) (1024K)]


Current CompileTask:
C2:1016908 20276       4       org.eclipse.jdt.internal.core.JavaProject$ModuleLookup::addTransitive (71 bytes)

Stack: [0x0000001ef0c00000,0x0000001ef0d00000]
Native frames: (J=compiled Java code, j=interpreted, Vv=VM code, C=native code)
V  [jvm.dll+0x6d7a39]
V  [jvm.dll+0x8b4b26]
V  [jvm.dll+0x8b70de]
V  [jvm.dll+0x8b77c3]
V  [jvm.dll+0x284346]
V  [jvm.dll+0xc66ed]
V  [jvm.dll+0xc6c31]
V  [jvm.dll+0x3bec3b]
V  [jvm.dll+0x1e3f69]
V  [jvm.dll+0x24c6b3]
V  [jvm.dll+0x24bb40]
V  [jvm.dll+0x1cb34e]
V  [jvm.dll+0x25b85d]
V  [jvm.dll+0x259dea]
V  [jvm.dll+0x3f857e]
V  [jvm.dll+0x85f59d]
V  [jvm.dll+0x6d626d]
C  [ucrtbase.dll+0x37b0]
C  [KERNEL32.DLL+0x2e8d7]
C  [ntdll.dll+0x8c48c]


---------------  P R O C E S S  ---------------

Threads class SMR info:
_java_thread_list=0x00000194511487f0, length=45, elements={
0x000001946e4628a0, 0x000001947089d610, 0x000001947089e330, 0x0000019470761140,
0x0000019470762080, 0x0000019470762c10, 0x0000019470763670, 0x00000194707664c0,
0x0000019479a62fe0, 0x0000019479bc2a90, 0x0000019479d3afd0, 0x000001947ea0d0e0,
0x000001947e8c5aa0, 0x000001947e633980, 0x000001947e634010, 0x000001947e632c60,
0x000001947e6346a0, 0x000001947e635a50, 0x000001947e4c4bf0, 0x000001947e4c4560,
0x000001947e4c3ed0, 0x000001947e4ca7d0, 0x000001947e4ca140, 0x000001947e4c79e0,
0x000001947e4c8d90, 0x000001947e4c9420, 0x000001947e4c9ab0, 0x000001947e4cae60,
0x000001947e4cb4f0, 0x000001947e4c8070, 0x000001947e4c8700, 0x000001947e634d30,
0x000001947f54a260, 0x00000194518cf130, 0x00000194518d1890, 0x00000194518d25b0,
0x00000194518d32d0, 0x00000194518cfe50, 0x00000194518d3960, 0x00000194518d3ff0,
0x00000194518d0b70, 0x00000194518d4680, 0x00000194518d5a30, 0x00000194518d60c0,
0x0000019458be0d90
}

Java Threads: ( => current thread )
  0x000001946e4628a0 JavaThread "main"                              [_thread_blocked, id=20052, stack(0x0000001ef0d00000,0x0000001ef0e00000) (1024K)]
  0x000001947089d610 JavaThread "Reference Handler"          daemon [_thread_blocked, id=26316, stack(0x0000001ef1100000,0x0000001ef1200000) (1024K)]
  0x000001947089e330 JavaThread "Finalizer"                  daemon [_thread_blocked, id=26180, stack(0x0000001ef1200000,0x0000001ef1300000) (1024K)]
  0x0000019470761140 JavaThread "Signal Dispatcher"          daemon [_thread_blocked, id=27824, stack(0x0000001ef1300000,0x0000001ef1400000) (1024K)]
  0x0000019470762080 JavaThread "Attach Listener"            daemon [_thread_blocked, id=24220, stack(0x0000001ef1400000,0x0000001ef1500000) (1024K)]
  0x0000019470762c10 JavaThread "Service Thread"             daemon [_thread_blocked, id=27048, stack(0x0000001ef1500000,0x0000001ef1600000) (1024K)]
  0x0000019470763670 JavaThread "Monitor Deflation Thread"   daemon [_thread_blocked, id=29924, stack(0x0000001ef1600000,0x0000001ef1700000) (1024K)]
  0x00000194707664c0 JavaThread "C2 CompilerThread0"         daemon [_thread_blocked, id=15308, stack(0x0000001ef1700000,0x0000001ef1800000) (1024K)]
  0x0000019479a62fe0 JavaThread "C1 CompilerThread0"         daemon [_thread_blocked, id=16400, stack(0x0000001ef1800000,0x0000001ef1900000) (1024K)]
  0x0000019479bc2a90 JavaThread "Common-Cleaner"             daemon [_thread_blocked, id=25440, stack(0x0000001ef1900000,0x0000001ef1a00000) (1024K)]
  0x0000019479d3afd0 JavaThread "Notification Thread"        daemon [_thread_blocked, id=23524, stack(0x0000001ef1a00000,0x0000001ef1b00000) (1024K)]
  0x000001947ea0d0e0 JavaThread "Active Thread: Equinox Container: eaedd37e-5c23-455b-be1e-bac7470b7e43"        [_thread_blocked, id=23540, stack(0x0000001ef2200000,0x0000001ef2300000) (1024K)]
  0x000001947e8c5aa0 JavaThread "Refresh Thread: Equinox Container: eaedd37e-5c23-455b-be1e-bac7470b7e43" daemon [_thread_blocked, id=884, stack(0x0000001ef2400000,0x0000001ef2500000) (1024K)]
  0x000001947e633980 JavaThread "Framework Event Dispatcher: Equinox Container: eaedd37e-5c23-455b-be1e-bac7470b7e43" daemon [_thread_blocked, id=20476, stack(0x0000001ef2500000,0x0000001ef2600000) (1024K)]
  0x000001947e634010 JavaThread "Start Level: Equinox Container: eaedd37e-5c23-455b-be1e-bac7470b7e43" daemon [_thread_blocked, id=20312, stack(0x0000001ef2600000,0x0000001ef2700000) (1024K)]
  0x000001947e632c60 JavaThread "Bundle File Closer"         daemon [_thread_blocked, id=24656, stack(0x0000001ef2700000,0x0000001ef2800000) (1024K)]
  0x000001947e6346a0 JavaThread "SCR Component Actor"        daemon [_thread_blocked, id=880, stack(0x0000001ef1b00000,0x0000001ef1c00000) (1024K)]
  0x000001947e635a50 JavaThread "Worker-JM"                         [_thread_blocked, id=28360, stack(0x0000001ef2900000,0x0000001ef2a00000) (1024K)]
  0x000001947e4c4bf0 JavaThread "JNA Cleaner"                daemon [_thread_blocked, id=11324, stack(0x0000001ef2800000,0x0000001ef2900000) (1024K)]
  0x000001947e4c4560 JavaThread "Java indexing"              daemon [_thread_blocked, id=24740, stack(0x0000001ef2e00000,0x0000001ef2f00000) (1024K)]
  0x000001947e4c3ed0 JavaThread "Thread-1"                   daemon [_thread_in_native, id=14060, stack(0x0000001ef3300000,0x0000001ef3400000) (1024K)]
  0x000001947e4ca7d0 JavaThread "Thread-2"                   daemon [_thread_in_native, id=29768, stack(0x0000001ef3400000,0x0000001ef3500000) (1024K)]
  0x000001947e4ca140 JavaThread "Thread-3"                   daemon [_thread_in_native, id=30336, stack(0x0000001ef3500000,0x0000001ef3600000) (1024K)]
  0x000001947e4c79e0 JavaThread "Thread-4"                   daemon [_thread_in_native, id=14604, stack(0x0000001ef3600000,0x0000001ef3700000) (1024K)]
  0x000001947e4c8d90 JavaThread "Thread-5"                   daemon [_thread_in_native, id=21680, stack(0x0000001ef3700000,0x0000001ef3800000) (1024K)]
  0x000001947e4c9420 JavaThread "Thread-6"                   daemon [_thread_in_native, id=10552, stack(0x0000001ef3800000,0x0000001ef3900000) (1024K)]
  0x000001947e4c9ab0 JavaThread "Thread-7"                   daemon [_thread_in_native, id=25452, stack(0x0000001ef3900000,0x0000001ef3a00000) (1024K)]
  0x000001947e4cae60 JavaThread "Thread-8"                   daemon [_thread_in_native, id=19980, stack(0x0000001ef3a00000,0x0000001ef3b00000) (1024K)]
  0x000001947e4cb4f0 JavaThread "Thread-9"                   daemon [_thread_in_native, id=16836, stack(0x0000001ef3b00000,0x0000001ef3c00000) (1024K)]
  0x000001947e4c8070 JavaThread "pool-2-thread-1"                   [_thread_blocked, id=28776, stack(0x0000001ef3c00000,0x0000001ef3d00000) (1024K)]
  0x000001947e4c8700 JavaThread "WorkspaceEventsHandler"            [_thread_blocked, id=28720, stack(0x0000001ef3d00000,0x0000001ef3e00000) (1024K)]
  0x000001947e634d30 JavaThread "pool-1-thread-1"                   [_thread_blocked, id=12600, stack(0x0000001ef3e00000,0x0000001ef3f00000) (1024K)]
  0x000001947f54a260 JavaThread "Worker-7"                          [_thread_blocked, id=27144, stack(0x0000001ef2a00000,0x0000001ef2b00000) (1024K)]
  0x00000194518cf130 JavaThread "ForkJoinPool.commonPool-worker-10" daemon [_thread_blocked, id=5276, stack(0x0000001ef0a00000,0x0000001ef0b00000) (1024K)]
  0x00000194518d1890 JavaThread "Worker-8"                          [_thread_blocked, id=28480, stack(0x0000001ef0b00000,0x0000001ef0c00000) (1024K)]
  0x00000194518d25b0 JavaThread "Worker-9"                          [_thread_blocked, id=23368, stack(0x0000001ef2b00000,0x0000001ef2c00000) (1024K)]
  0x00000194518d32d0 JavaThread "Compiler Source File Reader" daemon [_thread_blocked, id=9428, stack(0x0000001ef2c00000,0x0000001ef2d00000) (1024K)]
  0x00000194518cfe50 JavaThread "Compiler Processing Task"   daemon [_thread_blocked, id=24048, stack(0x0000001ef2d00000,0x0000001ef2e00000) (1024K)]
  0x00000194518d3960 JavaThread "Worker-10"                         [_thread_blocked, id=17972, stack(0x0000001ef2f00000,0x0000001ef3000000) (1024K)]
  0x00000194518d3ff0 JavaThread "Compiler Source File Reader" daemon [_thread_blocked, id=29396, stack(0x0000001ef3000000,0x0000001ef3100000) (1024K)]
  0x00000194518d0b70 JavaThread "Compiler Source File Reader" daemon [_thread_blocked, id=21960, stack(0x0000001ef3100000,0x0000001ef3200000) (1024K)]
  0x00000194518d4680 JavaThread "Compiler Source File Reader" daemon [_thread_blocked, id=7300, stack(0x0000001ef3200000,0x0000001ef3300000) (1024K)]
  0x00000194518d5a30 JavaThread "Compiler Source File Reader" daemon [_thread_blocked, id=27088, stack(0x0000001ef3f00000,0x0000001ef4000000) (1024K)]
  0x00000194518d60c0 JavaThread "Compiler Source File Reader" daemon [_thread_blocked, id=12308, stack(0x0000001ef4000000,0x0000001ef4100000) (1024K)]
=>0x0000019458be0d90 JavaThread "C2 CompilerThread1"         daemon [_thread_in_native, id=30184, stack(0x0000001ef0c00000,0x0000001ef0d00000) (1024K)]
Total: 45

Other Threads:
  0x00000194708846c0 VMThread "VM Thread"                           [id=20280, stack(0x0000001ef1000000,0x0000001ef1100000) (1024K)]
  0x000001947066ca00 WatcherThread "VM Periodic Task Thread"        [id=18848, stack(0x0000001ef0f00000,0x0000001ef1000000) (1024K)]
  0x0000019470804d30 WorkerThread "GC Thread#0"                     [id=152, stack(0x0000001ef0e00000,0x0000001ef0f00000) (1024K)]
  0x000001947e7c2010 WorkerThread "GC Thread#1"                     [id=29560, stack(0x0000001ef1c00000,0x0000001ef1d00000) (1024K)]
  0x000001947e200a20 WorkerThread "GC Thread#2"                     [id=3240, stack(0x0000001ef1d00000,0x0000001ef1e00000) (1024K)]
  0x000001947e200dd0 WorkerThread "GC Thread#3"                     [id=2428, stack(0x0000001ef1e00000,0x0000001ef1f00000) (1024K)]
  0x000001947e201180 WorkerThread "GC Thread#4"                     [id=8356, stack(0x0000001ef1f00000,0x0000001ef2000000) (1024K)]
  0x000001947e201530 WorkerThread "GC Thread#5"                     [id=29364, stack(0x0000001ef2000000,0x0000001ef2100000) (1024K)]
  0x000001947e2018e0 WorkerThread "GC Thread#6"                     [id=24620, stack(0x0000001ef2100000,0x0000001ef2200000) (1024K)]
  0x000001947eb7dc00 WorkerThread "GC Thread#7"                     [id=15012, stack(0x0000001ef2300000,0x0000001ef2400000) (1024K)]
Total: 10

Threads with active compile tasks:
C2 CompilerThread1  1016942 20276       4       org.eclipse.jdt.internal.core.JavaProject$ModuleLookup::addTransitive (71 bytes)
Total: 1

VM state: not at safepoint (normal execution)

VM Mutex/Monitor currently owned by a thread: None

Heap address: 0x0000000080000000, size: 2048 MB, Compressed Oops mode: 32-bit

CDS archive(s) mapped at: [0x000001940f000000-0x000001940fba0000-0x000001940fba0000), size 12189696, SharedBaseAddress: 0x000001940f000000, ArchiveRelocationMode: 1.
Compressed class space mapped at: 0x0000019410000000-0x0000019450000000, reserved size: 1073741824
Narrow klass base: 0x000001940f000000, Narrow klass shift: 0, Narrow klass range: 0x100000000

GC Precious Log:
 CardTable entry size: 512
 CPUs: 8 total, 8 available
 Memory: 8029M
 Large Page Support: Disabled
 NUMA Support: Disabled
 Compressed Oops: Enabled (32-bit)
 Alignments: Space 512K, Generation 512K, Heap 2M
 Heap Min Capacity: 100M
 Heap Initial Capacity: 100M
 Heap Max Capacity: 2G
 Pre-touch: Disabled
 Parallel Workers: 8

Heap:
 PSYoungGen      total 12288K, used 2644K [0x00000000d5580000, 0x00000000d6600000, 0x0000000100000000)
  eden space 9216K, 18% used [0x00000000d5580000,0x00000000d5725218,0x00000000d5e80000)
  from space 3072K, 31% used [0x00000000d6080000,0x00000000d6170000,0x00000000d6380000)
  to   space 1536K, 0% used [0x00000000d6480000,0x00000000d6480000,0x00000000d6600000)
 ParOldGen       total 698880K, used 697933K [0x0000000080000000, 0x00000000aaa80000, 0x00000000d5580000)
  object space 698880K, 99% used [0x0000000080000000,0x00000000aa993400,0x00000000aaa80000)
 Metaspace       used 73146K, committed 74816K, reserved 1179648K
  class space    used 7239K, committed 8000K, reserved 1048576K

Card table byte_map: [0x0000019470180000,0x0000019470590000] _byte_map_base: 0x000001946fd80000

Marking Bits: (ParMarkBitMap*) 0x00007ffd3ed43450
 Begin Bits: [0x0000019473c90000, 0x0000019475c90000)
 End Bits:   [0x0000019475c90000, 0x0000019477c90000)

Polling page: 0x000001946e790000

Metaspace:

Usage:
  Non-class:     64.36 MB used.
      Class:      7.07 MB used.
       Both:     71.43 MB used.

Virtual space:
  Non-class space:      128.00 MB reserved,      65.25 MB ( 51%) committed,  2 nodes.
      Class space:        1.00 GB reserved,       7.81 MB ( <1%) committed,  1 nodes.
             Both:        1.12 GB reserved,      73.06 MB (  6%) committed. 

Chunk freelists:
   Non-Class:  13.92 MB
       Class:  8.11 MB
        Both:  22.03 MB

MaxMetaspaceSize: unlimited
CompressedClassSpaceSize: 1.00 GB
Initial GC threshold: 21.00 MB
Current GC threshold: 118.44 MB
CDS: on
 - commit_granule_bytes: 65536.
 - commit_granule_words: 8192.
 - virtual_space_node_default_size: 8388608.
 - enlarge_chunks_in_place: 1.
 - use_allocation_guard: 0.


Internal statistics:

num_allocs_failed_limit: 9.
num_arena_births: 1418.
num_arena_deaths: 18.
num_vsnodes_births: 3.
num_vsnodes_deaths: 0.
num_space_committed: 1169.
num_space_uncommitted: 0.
num_chunks_returned_to_freelist: 27.
num_chunks_taken_from_freelist: 5033.
num_chunk_merges: 13.
num_chunk_splits: 3011.
num_chunks_enlarged: 1658.
num_inconsistent_stats: 0.

CodeHeap 'non-profiled nmethods': size=120000Kb used=17556Kb max_used=17556Kb free=102443Kb
 bounds [0x0000019407ad0000, 0x0000019408c00000, 0x000001940f000000]
CodeHeap 'profiled nmethods': size=120000Kb used=45021Kb max_used=45021Kb free=74979Kb
 bounds [0x0000019400000000, 0x0000019402c00000, 0x0000019407530000]
CodeHeap 'non-nmethods': size=5760Kb used=1453Kb max_used=1576Kb free=4307Kb
 bounds [0x0000019407530000, 0x00000194077a0000, 0x0000019407ad0000]
CodeCache: size=245760Kb, used=64030Kb, max_used=64153Kb, free=181729Kb
 total_blobs=18849, nmethods=18086, adapters=666, full_count=0
Compilation: enabled, stopped_count=0, restarted_count=0

Compilation events (20 events):
Event: 1015.552 Thread 0x0000019479a62fe0 nmethod 20308 0x0000019402bf0c90 code [0x0000019402bf0f40, 0x0000019402bf1e28]
Event: 1015.552 Thread 0x0000019479a62fe0 20309       3       org.eclipse.jdt.internal.core.JavaElementDelta::addAffectedChild (472 bytes)
Event: 1015.555 Thread 0x0000019479a62fe0 nmethod 20309 0x0000019402bf2390 code [0x0000019402bf26a0, 0x0000019402bf3d60]
Event: 1015.560 Thread 0x0000019479a62fe0 20310       3       org.eclipse.core.internal.content.ContentTypeCatalog::isAncestor (20 bytes)
Event: 1015.561 Thread 0x0000019479a62fe0 nmethod 20310 0x0000019402bf4210 code [0x0000019402bf4400, 0x0000019402bf48b8]
Event: 1015.561 Thread 0x0000019479a62fe0 20311       3       org.eclipse.core.internal.content.ContentTypeCatalog$$Lambda/0x0000019410178350::compare (12 bytes)
Event: 1015.561 Thread 0x0000019479a62fe0 nmethod 20311 0x0000019402bf4a90 code [0x0000019402bf4c60, 0x0000019402bf4fb8]
Event: 1015.561 Thread 0x0000019479a62fe0 20312       3       org.eclipse.core.internal.content.ContentTypeCatalog::lambda$0 (69 bytes)
Event: 1015.562 Thread 0x0000019479a62fe0 nmethod 20312 0x0000019402bf5090 code [0x0000019402bf52c0, 0x0000019402bf5900]
Event: 1015.566 Thread 0x00000194707664c0 nmethod 20293 0x0000019408bf0610 code [0x0000019408bf0820, 0x0000019408bf1348]
Event: 1015.566 Thread 0x00000194707664c0 20289       4       org.eclipse.jdt.internal.compiler.lookup.PackageBinding::<init> (96 bytes)
Event: 1015.573 Thread 0x00000194707664c0 nmethod 20289 0x0000019408bf1b10 code [0x0000019408bf1cc0, 0x0000019408bf2120]
Event: 1015.573 Thread 0x00000194707664c0 20295       4       org.eclipse.jdt.internal.core.ClasspathEntry::combineWith (240 bytes)
Event: 1015.596 Thread 0x00000194707664c0 nmethod 20295 0x0000019408bf2410 code [0x0000019408bf2700, 0x0000019408bf37b0]
Event: 1015.597 Thread 0x00000194707664c0 20307       4       org.eclipse.core.internal.events.ResourceComparator::compare (383 bytes)
Event: 1015.612 Thread 0x00000194707664c0 nmethod 20307 0x0000019408bf4390 code [0x0000019408bf4580, 0x0000019408bf4bf0]
Event: 1015.650 Thread 0x0000019479a62fe0 20313       3       com.google.gson.internal.ConstructorConstructor$$Lambda/0x0000019410494460::construct (8 bytes)
Event: 1015.651 Thread 0x0000019479a62fe0 nmethod 20313 0x0000019402bf5b90 code [0x0000019402bf5d40, 0x0000019402bf5e78]
Event: 1015.651 Thread 0x0000019479a62fe0 20314   !   3       com.google.gson.internal.ConstructorConstructor::lambda$newDefaultConstructor$9 (98 bytes)
Event: 1015.653 Thread 0x0000019479a62fe0 nmethod 20314 0x0000019402bf5f10 code [0x0000019402bf6340, 0x0000019402bf7b78]

GC Heap History (20 events):
Event: 1013.285 GC heap before
{Heap before GC invocations=912 (full 4):
 PSYoungGen      total 5120K, used 5108K [0x00000000d5580000, 0x00000000d6000000, 0x0000000100000000)
  eden space 4608K, 100% used [0x00000000d5580000,0x00000000d5a00000,0x00000000d5a00000)
  from space 512K, 97% used [0x00000000d5c80000,0x00000000d5cfd200,0x00000000d5d00000)
  to   space 3072K, 0% used [0x00000000d5d00000,0x00000000d5d00000,0x00000000d6000000)
 ParOldGen       total 630784K, used 630527K [0x0000000080000000, 0x00000000a6800000, 0x00000000d5580000)
  object space 630784K, 99% used [0x0000000080000000,0x00000000a67bfd20,0x00000000a6800000)
 Metaspace       used 73105K, committed 74752K, reserved 1179648K
  class space    used 7239K, committed 8000K, reserved 1048576K
}
Event: 1013.290 GC heap after
{Heap after GC invocations=912 (full 4):
 PSYoungGen      total 6656K, used 2016K [0x00000000d5580000, 0x00000000d5f00000, 0x0000000100000000)
  eden space 4608K, 0% used [0x00000000d5580000,0x00000000d5580000,0x00000000d5a00000)
  from space 2048K, 98% used [0x00000000d5d00000,0x00000000d5ef8000,0x00000000d5f00000)
  to   space 2560K, 0% used [0x00000000d5a00000,0x00000000d5a00000,0x00000000d5c80000)
 ParOldGen       total 631296K, used 631027K [0x0000000080000000, 0x00000000a6880000, 0x00000000d5580000)
  object space 631296K, 99% used [0x0000000080000000,0x00000000a683cf30,0x00000000a6880000)
 Metaspace       used 73105K, committed 74752K, reserved 1179648K
  class space    used 7239K, committed 8000K, reserved 1048576K
}
Event: 1013.325 GC heap before
{Heap before GC invocations=913 (full 4):
 PSYoungGen      total 6656K, used 6624K [0x00000000d5580000, 0x00000000d5f00000, 0x0000000100000000)
  eden space 4608K, 100% used [0x00000000d5580000,0x00000000d5a00000,0x00000000d5a00000)
  from space 2048K, 98% used [0x00000000d5d00000,0x00000000d5ef8000,0x00000000d5f00000)
  to   space 2560K, 0% used [0x00000000d5a00000,0x00000000d5a00000,0x00000000d5c80000)
 ParOldGen       total 631296K, used 631027K [0x0000000080000000, 0x00000000a6880000, 0x00000000d5580000)
  object space 631296K, 99% used [0x0000000080000000,0x00000000a683cf30,0x00000000a6880000)
 Metaspace       used 73105K, committed 74752K, reserved 1179648K
  class space    used 7239K, committed 8000K, reserved 1048576K
}
Event: 1013.363 GC heap after
{Heap after GC invocations=913 (full 4):
 PSYoungGen      total 7168K, used 2560K [0x00000000d5580000, 0x00000000d6700000, 0x0000000100000000)
  eden space 4608K, 0% used [0x00000000d5580000,0x00000000d5580000,0x00000000d5a00000)
  from space 2560K, 100% used [0x00000000d5a00000,0x00000000d5c80000,0x00000000d5c80000)
  to   space 6144K, 0% used [0x00000000d6100000,0x00000000d6100000,0x00000000d6700000)
 ParOldGen       total 634368K, used 633947K [0x0000000080000000, 0x00000000a6b80000, 0x00000000d5580000)
  object space 634368K, 99% used [0x0000000080000000,0x00000000a6b16f50,0x00000000a6b80000)
 Metaspace       used 73105K, committed 74752K, reserved 1179648K
  class space    used 7239K, committed 8000K, reserved 1048576K
}
Event: 1013.442 GC heap before
{Heap before GC invocations=914 (full 4):
 PSYoungGen      total 7168K, used 7168K [0x00000000d5580000, 0x00000000d6700000, 0x0000000100000000)
  eden space 4608K, 100% used [0x00000000d5580000,0x00000000d5a00000,0x00000000d5a00000)
  from space 2560K, 100% used [0x00000000d5a00000,0x00000000d5c80000,0x00000000d5c80000)
  to   space 6144K, 0% used [0x00000000d6100000,0x00000000d6100000,0x00000000d6700000)
 ParOldGen       total 634368K, used 633947K [0x0000000080000000, 0x00000000a6b80000, 0x00000000d5580000)
  object space 634368K, 99% used [0x0000000080000000,0x00000000a6b16f50,0x00000000a6b80000)
 Metaspace       used 73106K, committed 74752K, reserved 1179648K
  class space    used 7239K, committed 8000K, reserved 1048576K
}
Event: 1013.475 GC heap after
{Heap after GC invocations=914 (full 4):
 PSYoungGen      total 10240K, used 4480K [0x00000000d5580000, 0x00000000d6580000, 0x0000000100000000)
  eden space 5632K, 0% used [0x00000000d5580000,0x00000000d5580000,0x00000000d5b00000)
  from space 4608K, 97% used [0x00000000d6100000,0x00000000d6560000,0x00000000d6580000)
  to   space 5120K, 0% used [0x00000000d5b80000,0x00000000d5b80000,0x00000000d6080000)
 ParOldGen       total 636928K, used 636560K [0x0000000080000000, 0x00000000a6e00000, 0x00000000d5580000)
  object space 636928K, 99% used [0x0000000080000000,0x00000000a6da41e0,0x00000000a6e00000)
 Metaspace       used 73106K, committed 74752K, reserved 1179648K
  class space    used 7239K, committed 8000K, reserved 1048576K
}
Event: 1013.511 GC heap before
{Heap before GC invocations=915 (full 4):
 PSYoungGen      total 10240K, used 10112K [0x00000000d5580000, 0x00000000d6580000, 0x0000000100000000)
  eden space 5632K, 100% used [0x00000000d5580000,0x00000000d5b00000,0x00000000d5b00000)
  from space 4608K, 97% used [0x00000000d6100000,0x00000000d6560000,0x00000000d6580000)
  to   space 5120K, 0% used [0x00000000d5b80000,0x00000000d5b80000,0x00000000d6080000)
 ParOldGen       total 636928K, used 636560K [0x0000000080000000, 0x00000000a6e00000, 0x00000000d5580000)
  object space 636928K, 99% used [0x0000000080000000,0x00000000a6da41e0,0x00000000a6e00000)
 Metaspace       used 73109K, committed 74752K, reserved 1179648K
  class space    used 7239K, committed 8000K, reserved 1048576K
}
Event: 1013.546 GC heap after
{Heap after GC invocations=915 (full 4):
 PSYoungGen      total 11264K, used 5069K [0x00000000d5580000, 0x00000000d6780000, 0x0000000100000000)
  eden space 6144K, 0% used [0x00000000d5580000,0x00000000d5580000,0x00000000d5b80000)
  from space 5120K, 99% used [0x00000000d5b80000,0x00000000d6073780,0x00000000d6080000)
  to   space 5632K, 0% used [0x00000000d6200000,0x00000000d6200000,0x00000000d6780000)
 ParOldGen       total 641024K, used 640978K [0x0000000080000000, 0x00000000a7200000, 0x00000000d5580000)
  object space 641024K, 99% used [0x0000000080000000,0x00000000a71f4810,0x00000000a7200000)
 Metaspace       used 73109K, committed 74752K, reserved 1179648K
  class space    used 7239K, committed 8000K, reserved 1048576K
}
Event: 1013.618 GC heap before
{Heap before GC invocations=916 (full 4):
 PSYoungGen      total 11264K, used 11073K [0x00000000d5580000, 0x00000000d6780000, 0x0000000100000000)
  eden space 6144K, 97% used [0x00000000d5580000,0x00000000d5b5ce30,0x00000000d5b80000)
  from space 5120K, 99% used [0x00000000d5b80000,0x00000000d6073780,0x00000000d6080000)
  to   space 5632K, 0% used [0x00000000d6200000,0x00000000d6200000,0x00000000d6780000)
 ParOldGen       total 641024K, used 640978K [0x0000000080000000, 0x00000000a7200000, 0x00000000d5580000)
  object space 641024K, 99% used [0x0000000080000000,0x00000000a71f4810,0x00000000a7200000)
 Metaspace       used 73112K, committed 74752K, reserved 1179648K
  class space    used 7239K, committed 8000K, reserved 1048576K
}
Event: 1013.660 GC heap after
{Heap after GC invocations=916 (full 4):
 PSYoungGen      total 12800K, used 4415K [0x00000000d5580000, 0x00000000d6700000, 0x0000000100000000)
  eden space 7680K, 0% used [0x00000000d5580000,0x00000000d5580000,0x00000000d5d00000)
  from space 5120K, 86% used [0x00000000d6200000,0x00000000d664fc10,0x00000000d6700000)
  to   space 5120K, 0% used [0x00000000d5d00000,0x00000000d5d00000,0x00000000d6200000)
 ParOldGen       total 645632K, used 645626K [0x0000000080000000, 0x00000000a7680000, 0x00000000d5580000)
  object space 645632K, 99% used [0x0000000080000000,0x00000000a767e810,0x00000000a7680000)
 Metaspace       used 73112K, committed 74752K, reserved 1179648K
  class space    used 7239K, committed 8000K, reserved 1048576K
}
Event: 1013.921 GC heap before
{Heap before GC invocations=917 (full 4):
 PSYoungGen      total 12800K, used 12095K [0x00000000d5580000, 0x00000000d6700000, 0x0000000100000000)
  eden space 7680K, 100% used [0x00000000d5580000,0x00000000d5d00000,0x00000000d5d00000)
  from space 5120K, 86% used [0x00000000d6200000,0x00000000d664fc10,0x00000000d6700000)
  to   space 5120K, 0% used [0x00000000d5d00000,0x00000000d5d00000,0x00000000d6200000)
 ParOldGen       total 645632K, used 645626K [0x0000000080000000, 0x00000000a7680000, 0x00000000d5580000)
  object space 645632K, 99% used [0x0000000080000000,0x00000000a767e810,0x00000000a7680000)
 Metaspace       used 73123K, committed 74752K, reserved 1179648K
  class space    used 7239K, committed 8000K, reserved 1048576K
}
Event: 1013.959 GC heap after
{Heap after GC invocations=917 (full 4):
 PSYoungGen      total 12800K, used 5112K [0x00000000d5580000, 0x00000000d7280000, 0x0000000100000000)
  eden space 7680K, 0% used [0x00000000d5580000,0x00000000d5580000,0x00000000d5d00000)
  from space 5120K, 99% used [0x00000000d5d00000,0x00000000d61fe3b0,0x00000000d6200000)
  to   space 10240K, 0% used [0x00000000d6880000,0x00000000d6880000,0x00000000d7280000)
 ParOldGen       total 650240K, used 649751K [0x0000000080000000, 0x00000000a7b00000, 0x00000000d5580000)
  object space 650240K, 99% used [0x0000000080000000,0x00000000a7a85da0,0x00000000a7b00000)
 Metaspace       used 73123K, committed 74752K, reserved 1179648K
  class space    used 7239K, committed 8000K, reserved 1048576K
}
Event: 1014.357 GC heap before
{Heap before GC invocations=918 (full 4):
 PSYoungGen      total 12800K, used 12792K [0x00000000d5580000, 0x00000000d7280000, 0x0000000100000000)
  eden space 7680K, 100% used [0x00000000d5580000,0x00000000d5d00000,0x00000000d5d00000)
  from space 5120K, 99% used [0x00000000d5d00000,0x00000000d61fe3b0,0x00000000d6200000)
  to   space 10240K, 0% used [0x00000000d6880000,0x00000000d6880000,0x00000000d7280000)
 ParOldGen       total 650240K, used 649751K [0x0000000080000000, 0x00000000a7b00000, 0x00000000d5580000)
  object space 650240K, 99% used [0x0000000080000000,0x00000000a7a85da0,0x00000000a7b00000)
 Metaspace       used 73126K, committed 74752K, reserved 1179648K
  class space    used 7239K, committed 8000K, reserved 1048576K
}
Event: 1014.393 GC heap after
{Heap after GC invocations=918 (full 4):
 PSYoungGen      total 15360K, used 6047K [0x00000000d5580000, 0x00000000d6e80000, 0x0000000100000000)
  eden space 9216K, 0% used [0x00000000d5580000,0x00000000d5580000,0x00000000d5e80000)
  from space 6144K, 98% used [0x00000000d6880000,0x00000000d6e67df8,0x00000000d6e80000)
  to   space 7680K, 0% used [0x00000000d5f80000,0x00000000d5f80000,0x00000000d6700000)
 ParOldGen       total 655360K, used 654904K [0x0000000080000000, 0x00000000a8000000, 0x00000000d5580000)
  object space 655360K, 99% used [0x0000000080000000,0x00000000a7f8e180,0x00000000a8000000)
 Metaspace       used 73126K, committed 74752K, reserved 1179648K
  class space    used 7239K, committed 8000K, reserved 1048576K
}
Event: 1014.891 GC heap before
{Heap before GC invocations=919 (full 4):
 PSYoungGen      total 15360K, used 15263K [0x00000000d5580000, 0x00000000d6e80000, 0x0000000100000000)
  eden space 9216K, 100% used [0x00000000d5580000,0x00000000d5e80000,0x00000000d5e80000)
  from space 6144K, 98% used [0x00000000d6880000,0x00000000d6e67df8,0x00000000d6e80000)
  to   space 7680K, 0% used [0x00000000d5f80000,0x00000000d5f80000,0x00000000d6700000)
 ParOldGen       total 655360K, used 654904K [0x0000000080000000, 0x00000000a8000000, 0x00000000d5580000)
  object space 655360K, 99% used [0x0000000080000000,0x00000000a7f8e180,0x00000000a8000000)
 Metaspace       used 73126K, committed 74752K, reserved 1179648K
  class space    used 7239K, committed 8000K, reserved 1048576K
}
Event: 1014.933 GC heap after
{Heap after GC invocations=919 (full 4):
 PSYoungGen      total 15360K, used 6107K [0x00000000d5580000, 0x00000000d6b80000, 0x0000000100000000)
  eden space 9216K, 0% used [0x00000000d5580000,0x00000000d5580000,0x00000000d5e80000)
  from space 6144K, 99% used [0x00000000d5f80000,0x00000000d6576ea8,0x00000000d6580000)
  to   space 6144K, 0% used [0x00000000d6580000,0x00000000d6580000,0x00000000d6b80000)
 ParOldGen       total 660992K, used 660857K [0x0000000080000000, 0x00000000a8580000, 0x00000000d5580000)
  object space 660992K, 99% used [0x0000000080000000,0x00000000a855e4b8,0x00000000a8580000)
 Metaspace       used 73126K, committed 74752K, reserved 1179648K
  class space    used 7239K, committed 8000K, reserved 1048576K
}
Event: 1015.199 GC heap before
{Heap before GC invocations=920 (full 4):
 PSYoungGen      total 15360K, used 15323K [0x00000000d5580000, 0x00000000d6b80000, 0x0000000100000000)
  eden space 9216K, 100% used [0x00000000d5580000,0x00000000d5e80000,0x00000000d5e80000)
  from space 6144K, 99% used [0x00000000d5f80000,0x00000000d6576ea8,0x00000000d6580000)
  to   space 6144K, 0% used [0x00000000d6580000,0x00000000d6580000,0x00000000d6b80000)
 ParOldGen       total 660992K, used 660857K [0x0000000080000000, 0x00000000a8580000, 0x00000000d5580000)
  object space 660992K, 99% used [0x0000000080000000,0x00000000a855e4b8,0x00000000a8580000)
 Metaspace       used 73126K, committed 74752K, reserved 1179648K
  class space    used 7239K, committed 8000K, reserved 1048576K
}
Event: 1015.212 GC heap after
{Heap after GC invocations=920 (full 4):
 PSYoungGen      total 10240K, used 532K [0x00000000d5580000, 0x00000000d6680000, 0x0000000100000000)
  eden space 9216K, 0% used [0x00000000d5580000,0x00000000d5580000,0x00000000d5e80000)
  from space 1024K, 52% used [0x00000000d6580000,0x00000000d6605200,0x00000000d6680000)
  to   space 3072K, 0% used [0x00000000d6080000,0x00000000d6080000,0x00000000d6380000)
 ParOldGen       total 667136K, used 666828K [0x0000000080000000, 0x00000000a8b80000, 0x00000000d5580000)
  object space 667136K, 99% used [0x0000000080000000,0x00000000a8b332c0,0x00000000a8b80000)
 Metaspace       used 73126K, committed 74752K, reserved 1179648K
  class space    used 7239K, committed 8000K, reserved 1048576K
}
Event: 1015.495 GC heap before
{Heap before GC invocations=921 (full 4):
 PSYoungGen      total 10240K, used 9748K [0x00000000d5580000, 0x00000000d6680000, 0x0000000100000000)
  eden space 9216K, 100% used [0x00000000d5580000,0x00000000d5e80000,0x00000000d5e80000)
  from space 1024K, 52% used [0x00000000d6580000,0x00000000d6605200,0x00000000d6680000)
  to   space 3072K, 0% used [0x00000000d6080000,0x00000000d6080000,0x00000000d6380000)
 ParOldGen       total 698880K, used 697548K [0x0000000080000000, 0x00000000aaa80000, 0x00000000d5580000)
  object space 698880K, 99% used [0x0000000080000000,0x00000000aa9332f0,0x00000000aaa80000)
 Metaspace       used 73138K, committed 74752K, reserved 1179648K
  class space    used 7239K, committed 8000K, reserved 1048576K
}
Event: 1015.507 GC heap after
{Heap after GC invocations=921 (full 4):
 PSYoungGen      total 12288K, used 960K [0x00000000d5580000, 0x00000000d6600000, 0x0000000100000000)
  eden space 9216K, 0% used [0x00000000d5580000,0x00000000d5580000,0x00000000d5e80000)
  from space 3072K, 31% used [0x00000000d6080000,0x00000000d6170000,0x00000000d6380000)
  to   space 1536K, 0% used [0x00000000d6480000,0x00000000d6480000,0x00000000d6600000)
 ParOldGen       total 698880K, used 697933K [0x0000000080000000, 0x00000000aaa80000, 0x00000000d5580000)
  object space 698880K, 99% used [0x0000000080000000,0x00000000aa993400,0x00000000aaa80000)
 Metaspace       used 73138K, committed 74752K, reserved 1179648K
  class space    used 7239K, committed 8000K, reserved 1048576K
}

Dll operation events (10 events):
Event: 0.274 Loaded shared library c:\Users\akand\.windsurf\extensions\redhat.java-1.53.0-win32-x64\jre\21.0.10-win32-x86_64\bin\java.dll
Event: 0.647 Loaded shared library c:\Users\akand\.windsurf\extensions\redhat.java-1.53.0-win32-x64\jre\21.0.10-win32-x86_64\bin\zip.dll
Event: 0.781 Loaded shared library C:\Users\akand\.windsurf\extensions\redhat.java-1.53.0-win32-x64\jre\21.0.10-win32-x86_64\bin\instrument.dll
Event: 0.800 Loaded shared library C:\Users\akand\.windsurf\extensions\redhat.java-1.53.0-win32-x64\jre\21.0.10-win32-x86_64\bin\net.dll
Event: 0.849 Loaded shared library C:\Users\akand\.windsurf\extensions\redhat.java-1.53.0-win32-x64\jre\21.0.10-win32-x86_64\bin\nio.dll
Event: 0.855 Loaded shared library C:\Users\akand\.windsurf\extensions\redhat.java-1.53.0-win32-x64\jre\21.0.10-win32-x86_64\bin\zip.dll
Event: 0.929 Loaded shared library C:\Users\akand\.windsurf\extensions\redhat.java-1.53.0-win32-x64\jre\21.0.10-win32-x86_64\bin\jimage.dll
Event: 1.303 Loaded shared library c:\Users\akand\.windsurf\extensions\redhat.java-1.53.0-win32-x64\jre\21.0.10-win32-x86_64\bin\verify.dll
Event: 3.426 Loaded shared library C:\Users\akand\AppData\Roaming\Windsurf\User\globalStorage\redhat.java\1.53.0\config_win\org.eclipse.equinox.launcher\org.eclipse.equinox.launcher.win32.win32.x86_64_1.3.0.v20260203-2149\eclipse_11919.dll
Event: 7.333 Loaded shared library C:\Users\akand\AppData\Local\Temp\jna-92865901\jna374485621370592872.dll

Deoptimization events (20 events):
Event: 1013.097 Thread 0x000001947e634d30 DEOPT PACKING pc=0x0000019402a6d44b sp=0x0000001ef3efe3b0
Event: 1013.097 Thread 0x000001947e634d30 DEOPT UNPACKING pc=0x0000019407584242 sp=0x0000001ef3efd910 mode 0
Event: 1013.134 Thread 0x00000194518d1890 Uncommon trap: trap_request=0xffffffbe fr.pc=0x0000019408bc794c relative=0x000000000000120c
Event: 1013.134 Thread 0x00000194518d1890 Uncommon trap: reason=profile_predicate action=maybe_recompile pc=0x0000019408bc794c method=org.eclipse.core.internal.localstore.UnifiedTree.addChildren(Lorg/eclipse/core/internal/localstore/UnifiedTreeNode;)V @ 421 c2
Event: 1013.134 Thread 0x00000194518d1890 DEOPT PACKING pc=0x0000019408bc794c sp=0x0000001ef0bfe6d0
Event: 1013.134 Thread 0x00000194518d1890 DEOPT UNPACKING pc=0x0000019407583aa2 sp=0x0000001ef0bfe668 mode 2
Event: 1013.135 Thread 0x00000194518d1890 Uncommon trap: trap_request=0xffffffbe fr.pc=0x0000019408bc794c relative=0x000000000000120c
Event: 1013.135 Thread 0x00000194518d1890 Uncommon trap: reason=profile_predicate action=maybe_recompile pc=0x0000019408bc794c method=org.eclipse.core.internal.localstore.UnifiedTree.addChildren(Lorg/eclipse/core/internal/localstore/UnifiedTreeNode;)V @ 421 c2
Event: 1013.135 Thread 0x00000194518d1890 DEOPT PACKING pc=0x0000019408bc794c sp=0x0000001ef0bfe6d0
Event: 1013.136 Thread 0x00000194518d1890 DEOPT UNPACKING pc=0x0000019407583aa2 sp=0x0000001ef0bfe668 mode 2
Event: 1013.138 Thread 0x00000194518d1890 Uncommon trap: trap_request=0xffffffbe fr.pc=0x0000019408bc794c relative=0x000000000000120c
Event: 1013.138 Thread 0x00000194518d1890 Uncommon trap: reason=profile_predicate action=maybe_recompile pc=0x0000019408bc794c method=org.eclipse.core.internal.localstore.UnifiedTree.addChildren(Lorg/eclipse/core/internal/localstore/UnifiedTreeNode;)V @ 421 c2
Event: 1013.138 Thread 0x00000194518d1890 DEOPT PACKING pc=0x0000019408bc794c sp=0x0000001ef0bfe2c0
Event: 1013.138 Thread 0x00000194518d1890 DEOPT UNPACKING pc=0x0000019407583aa2 sp=0x0000001ef0bfe258 mode 2
Event: 1013.139 Thread 0x00000194518d1890 Uncommon trap: trap_request=0xffffffbe fr.pc=0x0000019408bc794c relative=0x000000000000120c
Event: 1013.139 Thread 0x00000194518d1890 Uncommon trap: reason=profile_predicate action=maybe_recompile pc=0x0000019408bc794c method=org.eclipse.core.internal.localstore.UnifiedTree.addChildren(Lorg/eclipse/core/internal/localstore/UnifiedTreeNode;)V @ 421 c2
Event: 1013.139 Thread 0x00000194518d1890 DEOPT PACKING pc=0x0000019408bc794c sp=0x0000001ef0bfe2c0
Event: 1013.139 Thread 0x00000194518d1890 DEOPT UNPACKING pc=0x0000019407583aa2 sp=0x0000001ef0bfe258 mode 2
Event: 1014.638 Thread 0x000001947e4c4560 DEOPT PACKING pc=0x000001940132609a sp=0x0000001ef2efee70
Event: 1014.638 Thread 0x000001947e4c4560 DEOPT UNPACKING pc=0x0000019407584242 sp=0x0000001ef2efe310 mode 0

Classes loaded (20 events):
Event: 449.520 Loading class java/nio/BufferMismatch
Event: 449.521 Loading class java/nio/BufferMismatch done
Event: 451.664 Loading class jdk/internal/module/IllegalAccessLogger
Event: 451.664 Loading class jdk/internal/module/IllegalAccessLogger done
Event: 452.362 Loading class jdk/internal/module/IllegalAccessLogger
Event: 452.362 Loading class jdk/internal/module/IllegalAccessLogger done
Event: 960.396 Loading class jdk/internal/module/IllegalAccessLogger
Event: 960.397 Loading class jdk/internal/module/IllegalAccessLogger done
Event: 966.889 Loading class jdk/internal/module/IllegalAccessLogger
Event: 966.890 Loading class jdk/internal/module/IllegalAccessLogger done
Event: 976.046 Loading class jdk/internal/module/IllegalAccessLogger
Event: 976.046 Loading class jdk/internal/module/IllegalAccessLogger done
Event: 977.799 Loading class jdk/internal/module/IllegalAccessLogger
Event: 977.799 Loading class jdk/internal/module/IllegalAccessLogger done
Event: 994.125 Loading class jdk/internal/module/IllegalAccessLogger
Event: 994.125 Loading class jdk/internal/module/IllegalAccessLogger done
Event: 1002.682 Loading class jdk/internal/module/IllegalAccessLogger
Event: 1002.682 Loading class jdk/internal/module/IllegalAccessLogger done
Event: 1014.936 Loading class jdk/internal/module/IllegalAccessLogger
Event: 1014.936 Loading class jdk/internal/module/IllegalAccessLogger done

Classes unloaded (9 events):
Event: 8.010 Thread 0x00000194708846c0 Unloading class 0x00000194101a6800 'java/lang/invoke/LambdaForm$MH+0x00000194101a6800'
Event: 8.010 Thread 0x00000194708846c0 Unloading class 0x00000194101a6400 'java/lang/invoke/LambdaForm$MH+0x00000194101a6400'
Event: 8.010 Thread 0x00000194708846c0 Unloading class 0x00000194101a6000 'java/lang/invoke/LambdaForm$MH+0x00000194101a6000'
Event: 8.010 Thread 0x00000194708846c0 Unloading class 0x00000194101a5c00 'java/lang/invoke/LambdaForm$MH+0x00000194101a5c00'
Event: 8.010 Thread 0x00000194708846c0 Unloading class 0x00000194101a5800 'java/lang/invoke/LambdaForm$BMH+0x00000194101a5800'
Event: 8.010 Thread 0x00000194708846c0 Unloading class 0x00000194101a5400 'java/lang/invoke/LambdaForm$DMH+0x00000194101a5400'
Event: 8.010 Thread 0x00000194708846c0 Unloading class 0x00000194101a4000 'java/lang/invoke/LambdaForm$DMH+0x00000194101a4000'
Event: 439.077 Thread 0x00000194708846c0 Unloading class 0x0000019410710400 'java/lang/invoke/LambdaForm$DMH+0x0000019410710400'
Event: 439.077 Thread 0x00000194708846c0 Unloading class 0x0000019410710800 'java/lang/invoke/LambdaForm$DMH+0x0000019410710800'

Classes redefined (0 events):
No events

Internal exceptions (20 events):
Event: 452.985 Thread 0x000001947e4c4560 Exception <a 'sun/nio/fs/WindowsException'{0x00000000d5728c70}> (0x00000000d5728c70) 
thrown [s\src\hotspot\share\prims\jni.cpp, line 520]
Event: 452.994 Thread 0x000001947e4c4560 Implicit null exception at 0x00000194088dfa3b to 0x00000194088e3c28
Event: 738.439 Thread 0x000001947e4c7350 Exception <a 'sun/nio/fs/WindowsException'{0x00000000d55a0bd8}> (0x00000000d55a0bd8) 
thrown [s\src\hotspot\share\prims\jni.cpp, line 520]
Event: 738.452 Thread 0x000001947e4c7350 Exception <a 'sun/nio/fs/WindowsException'{0x00000000d55a1708}> (0x00000000d55a1708) 
thrown [s\src\hotspot\share\prims\jni.cpp, line 520]
Event: 959.174 Thread 0x000001947e4c4560 Exception <a 'sun/nio/fs/WindowsException'{0x00000000d558e468}> (0x00000000d558e468) 
thrown [s\src\hotspot\share\prims\jni.cpp, line 520]
Event: 962.131 Thread 0x000001947e4c4560 Exception <a 'sun/nio/fs/WindowsException'{0x00000000d559b718}> (0x00000000d559b718) 
thrown [s\src\hotspot\share\prims\jni.cpp, line 520]
Event: 966.610 Thread 0x000001947e4c4560 Exception <a 'sun/nio/fs/WindowsException'{0x00000000d56257a8}> (0x00000000d56257a8) 
thrown [s\src\hotspot\share\prims\jni.cpp, line 520]
Event: 967.749 Thread 0x000001947e4c4560 Exception <a 'sun/nio/fs/WindowsException'{0x00000000d558acf0}> (0x00000000d558acf0) 
thrown [s\src\hotspot\share\prims\jni.cpp, line 520]
Event: 975.645 Thread 0x000001947e4c4560 Exception <a 'sun/nio/fs/WindowsException'{0x00000000d5624e30}> (0x00000000d5624e30) 
thrown [s\src\hotspot\share\prims\jni.cpp, line 520]
Event: 977.031 Thread 0x00000194518cfe50 Implicit null exception at 0x0000019408962d51 to 0x0000019408964df0
Event: 977.032 Thread 0x00000194518cfe50 Implicit null exception at 0x0000019408962d51 to 0x0000019408964df0
Event: 977.032 Thread 0x00000194518cfe50 Implicit null exception at 0x0000019408962d51 to 0x0000019408964df0
Event: 977.199 Thread 0x000001947e4c4560 Exception <a 'sun/nio/fs/WindowsException'{0x00000000d5796208}> (0x00000000d5796208) 
thrown [s\src\hotspot\share\prims\jni.cpp, line 520]
Event: 977.532 Thread 0x000001947f54a260 Implicit null exception at 0x000001940887b2c0 to 0x000001940887d7f0
Event: 992.650 Thread 0x000001947e4c4560 Exception <a 'sun/nio/fs/WindowsException'{0x00000000d5abd7b0}> (0x00000000d5abd7b0) 
thrown [s\src\hotspot\share\prims\jni.cpp, line 520]
Event: 993.643 Thread 0x000001947e4c4560 Exception <a 'sun/nio/fs/WindowsException'{0x00000000d56d8548}> (0x00000000d56d8548) 
thrown [s\src\hotspot\share\prims\jni.cpp, line 520]
Event: 1002.429 Thread 0x000001947e4c4560 Exception <a 'sun/nio/fs/WindowsException'{0x00000000d56500c0}> (0x00000000d56500c0) 
thrown [s\src\hotspot\share\prims\jni.cpp, line 520]
Event: 1003.054 Thread 0x000001947e4c4560 Exception <a 'sun/nio/fs/WindowsException'{0x00000000d5734d70}> (0x00000000d5734d70) 
thrown [s\src\hotspot\share\prims\jni.cpp, line 520]
Event: 1013.134 Thread 0x000001947e4c4560 Exception <a 'sun/nio/fs/WindowsException'{0x00000000d55b4b80}> (0x00000000d55b4b80) 
thrown [s\src\hotspot\share\prims\jni.cpp, line 520]
Event: 1014.470 Thread 0x000001947e4c4560 Exception <a 'sun/nio/fs/WindowsException'{0x00000000d5a1f760}> (0x00000000d5a1f760) 
thrown [s\src\hotspot\share\prims\jni.cpp, line 520]

ZGC Phase Switch (0 events):
No events

VM Operations (20 events):
Event: 1013.251 Executing safepoint VM operation: ParallelGCFailedAllocation (Allocation Failure)
Event: 1013.290 Executing safepoint VM operation: ParallelGCFailedAllocation (Allocation Failure) done
Event: 1013.301 Executing safepoint VM operation: ParallelGCFailedAllocation (Allocation Failure)
Event: 1013.363 Executing safepoint VM operation: ParallelGCFailedAllocation (Allocation Failure) done
Event: 1013.380 Executing safepoint VM operation: ParallelGCFailedAllocation (Allocation Failure)
Event: 1013.475 Executing safepoint VM operation: ParallelGCFailedAllocation (Allocation Failure) done
Event: 1013.503 Executing safepoint VM operation: ParallelGCFailedAllocation (Allocation Failure)
Event: 1013.546 Executing safepoint VM operation: ParallelGCFailedAllocation (Allocation Failure) done
Event: 1013.595 Executing safepoint VM operation: ParallelGCFailedAllocation (Allocation Failure)
Event: 1013.660 Executing safepoint VM operation: ParallelGCFailedAllocation (Allocation Failure) done
Event: 1013.891 Executing safepoint VM operation: ParallelGCFailedAllocation (Allocation Failure)
Event: 1013.959 Executing safepoint VM operation: ParallelGCFailedAllocation (Allocation Failure) done
Event: 1014.196 Executing safepoint VM operation: ParallelGCFailedAllocation (Allocation Failure)
Event: 1014.393 Executing safepoint VM operation: ParallelGCFailedAllocation (Allocation Failure) done
Event: 1014.858 Executing safepoint VM operation: ParallelGCFailedAllocation (Allocation Failure)
Event: 1014.933 Executing safepoint VM operation: ParallelGCFailedAllocation (Allocation Failure) done
Event: 1015.177 Executing safepoint VM operation: ParallelGCFailedAllocation (Allocation Failure)
Event: 1015.212 Executing safepoint VM operation: ParallelGCFailedAllocation (Allocation Failure) done
Event: 1015.495 Executing safepoint VM operation: ParallelGCFailedAllocation (Allocation Failure)
Event: 1015.507 Executing safepoint VM operation: ParallelGCFailedAllocation (Allocation Failure) done

Memory protections (0 events):
No events

Nmethod flushes (20 events):
Event: 441.566 Thread 0x00000194708846c0 flushing  nmethod 0x0000019401496790
Event: 441.566 Thread 0x00000194708846c0 flushing  nmethod 0x000001940149b110
Event: 441.567 Thread 0x00000194708846c0 flushing  nmethod 0x000001940149cb90
Event: 441.567 Thread 0x00000194708846c0 flushing  nmethod 0x000001940149d110
Event: 441.567 Thread 0x00000194708846c0 flushing  nmethod 0x000001940149e810
Event: 441.567 Thread 0x00000194708846c0 flushing  nmethod 0x00000194014c0b90
Event: 441.567 Thread 0x00000194708846c0 flushing  nmethod 0x00000194014c4910
Event: 441.567 Thread 0x00000194708846c0 flushing  nmethod 0x00000194014c5790
Event: 441.567 Thread 0x00000194708846c0 flushing  nmethod 0x00000194014c5b90
Event: 441.567 Thread 0x00000194708846c0 flushing  nmethod 0x00000194014c9110
Event: 441.567 Thread 0x00000194708846c0 flushing  nmethod 0x00000194014cca10
Event: 441.567 Thread 0x00000194708846c0 flushing  nmethod 0x00000194014d3310
Event: 441.567 Thread 0x00000194708846c0 flushing  nmethod 0x000001940150d210
Event: 441.567 Thread 0x00000194708846c0 flushing  nmethod 0x000001940150e790
Event: 441.567 Thread 0x00000194708846c0 flushing  nmethod 0x0000019401512c90
Event: 441.567 Thread 0x00000194708846c0 flushing  nmethod 0x0000019401530410
Event: 441.568 Thread 0x00000194708846c0 flushing  nmethod 0x000001940153cb90
Event: 441.568 Thread 0x00000194708846c0 flushing  nmethod 0x000001940153db90
Event: 441.568 Thread 0x00000194708846c0 flushing  nmethod 0x0000019401575b90
Event: 441.568 Thread 0x00000194708846c0 flushing  nmethod 0x00000194015d9b10

Events (20 events):
Event: 962.566 Thread 0x000001947f54a260 Thread added: 0x00000194518d5a30
Event: 965.491 Thread 0x0000019458bdf250 Thread exited: 0x0000019458bdf250
Event: 966.591 Thread 0x0000019479a62fe0 Thread added: 0x0000019458bdf250
Event: 966.770 Thread 0x00000194518d1890 Thread added: 0x00000194518d60c0
Event: 970.786 Thread 0x0000019458bdf250 Thread exited: 0x0000019458bdf250
Event: 974.481 Thread 0x00000194707664c0 Thread added: 0x0000019458be0d90
Event: 975.373 Thread 0x0000019458be0d90 Thread exited: 0x0000019458be0d90
Event: 975.681 Thread 0x0000019479a62fe0 Thread added: 0x0000019458be1b30
Event: 981.383 Thread 0x0000019458be1b30 Thread exited: 0x0000019458be1b30
Event: 993.201 Thread 0x00000194707664c0 Thread added: 0x0000019458be0d90
Event: 993.325 Thread 0x0000019479a62fe0 Thread added: 0x0000019458be28d0
Event: 993.526 Thread 0x0000019458be28d0 Thread exited: 0x0000019458be28d0
Event: 993.692 Thread 0x0000019458be0d90 Thread exited: 0x0000019458be0d90
Event: 994.260 Thread 0x0000019479a62fe0 Thread added: 0x0000019458be1b30
Event: 999.774 Thread 0x0000019458be1b30 Thread exited: 0x0000019458be1b30
Event: 1002.490 Thread 0x0000019479a62fe0 Thread added: 0x0000019458be1460
Event: 1002.677 Thread 0x0000019458be1460 Thread exited: 0x0000019458be1460
Event: 1002.708 Thread 0x00000194707664c0 Thread added: 0x0000019458be0d90
Event: 1004.364 Thread 0x0000019458be0d90 Thread exited: 0x0000019458be0d90
Event: 1013.800 Thread 0x00000194707664c0 Thread added: 0x0000019458be0d90


Dynamic libraries:
0x00007ff724c30000 - 0x00007ff724c3e000 	c:\Users\akand\.windsurf\extensions\redhat.java-1.53.0-win32-x64\jre\21.0.10-win32-x86_64\bin\java.exe
0x00007ffe34440000 - 0x00007ffe346a7000 	C:\WINDOWS\SYSTEM32\ntdll.dll
0x00007ffe32d90000 - 0x00007ffe32e59000 	C:\WINDOWS\System32\KERNEL32.DLL
0x00007ffe30d20000 - 0x00007ffe31111000 	C:\WINDOWS\System32\KERNELBASE.dll
0x00007ffe2e180000 - 0x00007ffe2e21f000 	C:\WINDOWS\SYSTEM32\apphelp.dll
0x00007ffe31490000 - 0x00007ffe315db000 	C:\WINDOWS\System32\ucrtbase.dll
0x00007ffe1ec80000 - 0x00007ffe1ec98000 	c:\Users\akand\.windsurf\extensions\redhat.java-1.53.0-win32-x64\jre\21.0.10-win32-x86_64\bin\jli.dll
0x00007ffe1c650000 - 0x00007ffe1c66e000 	c:\Users\akand\.windsurf\extensions\redhat.java-1.53.0-win32-x64\jre\21.0.10-win32-x86_64\bin\VCRUNTIME140.dll
0x00007ffe32850000 - 0x00007ffe32a15000 	C:\WINDOWS\System32\USER32.dll
0x00007ffe19b50000 - 0x00007ffe19de3000 	C:\WINDOWS\WinSxS\amd64_microsoft.windows.common-controls_6595b64144ccf1df_6.0.26100.8037_none_3e092faae333b53b\COMCTL32.dll
0x00007ffe321b0000 - 0x00007ffe321d7000 	C:\WINDOWS\System32\win32u.dll
0x00007ffe321e0000 - 0x00007ffe32289000 	C:\WINDOWS\System32\msvcrt.dll
0x00007ffe34040000 - 0x00007ffe3406b000 	C:\WINDOWS\System32\GDI32.dll
0x00007ffe31750000 - 0x00007ffe3187b000 	C:\WINDOWS\System32\gdi32full.dll
0x00007ffe312a0000 - 0x00007ffe31343000 	C:\WINDOWS\System32\msvcp_win.dll
0x00007ffe33790000 - 0x00007ffe337c1000 	C:\WINDOWS\System32\IMM32.DLL
0x00007ffe20360000 - 0x00007ffe2036c000 	c:\Users\akand\.windsurf\extensions\redhat.java-1.53.0-win32-x64\jre\21.0.10-win32-x86_64\bin\vcruntime140_1.dll
0x00007ffe13da0000 - 0x00007ffe13e2d000 	c:\Users\akand\.windsurf\extensions\redhat.java-1.53.0-win32-x64\jre\21.0.10-win32-x86_64\bin\msvcp140.dll
0x00007ffd3e080000 - 0x00007ffd3ee21000 	c:\Users\akand\.windsurf\extensions\redhat.java-1.53.0-win32-x64\jre\21.0.10-win32-x86_64\bin\server\jvm.dll
0x00007ffe32f60000 - 0x00007ffe3301b000 	C:\WINDOWS\System32\ADVAPI32.dll
0x00007ffe32290000 - 0x00007ffe32337000 	C:\WINDOWS\System32\sechost.dll
0x00007ffe32a90000 - 0x00007ffe32ba8000 	C:\WINDOWS\System32\RPCRT4.dll
0x00007ffe324e0000 - 0x00007ffe32554000 	C:\WINDOWS\System32\WS2_32.dll
0x00007ffe30b80000 - 0x00007ffe30bde000 	C:\WINDOWS\SYSTEM32\POWRPROF.dll
0x00007ffe1e9a0000 - 0x00007ffe1e9d5000 	C:\WINDOWS\SYSTEM32\WINMM.dll
0x00007ffe29a00000 - 0x00007ffe29a0b000 	C:\WINDOWS\SYSTEM32\VERSION.dll
0x00007ffe30b60000 - 0x00007ffe30b74000 	C:\WINDOWS\SYSTEM32\UMPDC.dll
0x00007ffe2fa70000 - 0x00007ffe2fa8b000 	C:\WINDOWS\SYSTEM32\kernel.appcore.dll
0x00007ffe1eda0000 - 0x00007ffe1edaa000 	c:\Users\akand\.windsurf\extensions\redhat.java-1.53.0-win32-x64\jre\21.0.10-win32-x86_64\bin\jimage.dll
0x00007ffe2ec50000 - 0x00007ffe2ee92000 	C:\WINDOWS\SYSTEM32\DBGHELP.DLL
0x00007ffe34070000 - 0x00007ffe343f2000 	C:\WINDOWS\System32\combase.dll
0x00007ffe325f0000 - 0x00007ffe326c7000 	C:\WINDOWS\System32\OLEAUT32.dll
0x00007ffe18840000 - 0x00007ffe1887b000 	C:\WINDOWS\SYSTEM32\dbgcore.DLL
0x00007ffe313e0000 - 0x00007ffe31485000 	C:\WINDOWS\System32\bcryptPrimitives.dll
0x00007ffe1de20000 - 0x00007ffe1de2f000 	c:\Users\akand\.windsurf\extensions\redhat.java-1.53.0-win32-x64\jre\21.0.10-win32-x86_64\bin\instrument.dll
0x00007ffe1a310000 - 0x00007ffe1a330000 	c:\Users\akand\.windsurf\extensions\redhat.java-1.53.0-win32-x64\jre\21.0.10-win32-x86_64\bin\java.dll
0x00007ffe337d0000 - 0x00007ffe33f2f000 	C:\WINDOWS\System32\SHELL32.dll
0x00007ffe315e0000 - 0x00007ffe3174a000 	C:\WINDOWS\System32\wintypes.dll
0x00007ffe31940000 - 0x00007ffe321a4000 	C:\WINDOWS\System32\windows.storage.dll
0x00007ffe33f40000 - 0x00007ffe34037000 	C:\WINDOWS\System32\SHCORE.dll
0x00007ffe33020000 - 0x00007ffe33087000 	C:\WINDOWS\System32\shlwapi.dll
0x00007ffe30c40000 - 0x00007ffe30c69000 	C:\WINDOWS\SYSTEM32\profapi.dll
0x00007ffe1a2b0000 - 0x00007ffe1a2c8000 	c:\Users\akand\.windsurf\extensions\redhat.java-1.53.0-win32-x64\jre\21.0.10-win32-x86_64\bin\zip.dll
0x00007ffe1c680000 - 0x00007ffe1c690000 	C:\Users\akand\.windsurf\extensions\redhat.java-1.53.0-win32-x64\jre\21.0.10-win32-x86_64\bin\net.dll
0x00007ffe292c0000 - 0x00007ffe293e7000 	C:\WINDOWS\SYSTEM32\WINHTTP.dll
0x00007ffe2ffc0000 - 0x00007ffe3002b000 	C:\WINDOWS\system32\mswsock.dll
0x00007ffe1a270000 - 0x00007ffe1a286000 	C:\Users\akand\.windsurf\extensions\redhat.java-1.53.0-win32-x64\jre\21.0.10-win32-x86_64\bin\nio.dll
0x00007ffe1c670000 - 0x00007ffe1c680000 	c:\Users\akand\.windsurf\extensions\redhat.java-1.53.0-win32-x64\jre\21.0.10-win32-x86_64\bin\verify.dll
0x00007ffe0e050000 - 0x00007ffe0e095000 	C:\Users\akand\AppData\Roaming\Windsurf\User\globalStorage\redhat.java\1.53.0\config_win\org.eclipse.equinox.launcher\org.eclipse.equinox.launcher.win32.win32.x86_64_1.3.0.v20260203-2149\eclipse_11919.dll
0x00007ffe330e0000 - 0x00007ffe33275000 	C:\WINDOWS\System32\ole32.dll
0x00007ffe303c0000 - 0x00007ffe303db000 	C:\WINDOWS\SYSTEM32\CRYPTSP.dll
0x00007ffe2f9d0000 - 0x00007ffe2fa09000 	C:\WINDOWS\system32\rsaenh.dll
0x00007ffe30070000 - 0x00007ffe300a2000 	C:\WINDOWS\SYSTEM32\USERENV.dll
0x00007ffe30c10000 - 0x00007ffe30c3a000 	C:\WINDOWS\SYSTEM32\bcrypt.dll
0x00007ffe30220000 - 0x00007ffe3022c000 	C:\WINDOWS\SYSTEM32\CRYPTBASE.dll
0x00007ffe2f460000 - 0x00007ffe2f493000 	C:\WINDOWS\SYSTEM32\IPHLPAPI.DLL
0x00007ffe326d0000 - 0x00007ffe326da000 	C:\WINDOWS\System32\NSI.dll
0x00007ffe0d570000 - 0x00007ffe0d5b9000 	C:\Users\akand\AppData\Local\Temp\jna-92865901\jna374485621370592872.dll
0x00007ffe324d0000 - 0x00007ffe324d8000 	C:\WINDOWS\System32\PSAPI.DLL
0x00007ffe29a20000 - 0x00007ffe29a3d000 	C:\WINDOWS\SYSTEM32\dhcpcsvc6.DLL
0x00007ffe29670000 - 0x00007ffe29693000 	C:\WINDOWS\SYSTEM32\dhcpcsvc.DLL

JVMTI agents:
c:\Users\akand\.windsurf\extensions\redhat.java-1.53.0-win32-x64\lombok\lombok-1.18.39-4050.jar path:c:\Users\akand\.windsurf\extensions\redhat.java-1.53.0-win32-x64\jre\21.0.10-win32-x86_64\bin\instrument.dll, loaded, initialized, instrumentlib options:none

dbghelp: loaded successfully - version: 4.0.5 - missing functions: none
symbol engine: initialized successfully - sym options: 0x614 - pdb path: .;c:\Users\akand\.windsurf\extensions\redhat.java-1.53.0-win32-x64\jre\21.0.10-win32-x86_64\bin;C:\WINDOWS\SYSTEM32;C:\WINDOWS\WinSxS\amd64_microsoft.windows.common-controls_6595b64144ccf1df_6.0.26100.8037_none_3e092faae333b53b;c:\Users\akand\.windsurf\extensions\redhat.java-1.53.0-win32-x64\jre\21.0.10-win32-x86_64\bin\server;C:\Users\akand\AppData\Roaming\Windsurf\User\globalStorage\redhat.java\1.53.0\config_win\org.eclipse.equinox.launcher\org.eclipse.equinox.launcher.win32.win32.x86_64_1.3.0.v20260203-2149;C:\Users\akand\AppData\Local\Temp\jna-92865901

VM Arguments:
jvm_args: --add-modules=ALL-SYSTEM --add-opens=java.base/java.util=ALL-UNNAMED --add-opens=java.base/java.lang=ALL-UNNAMED --add-opens=java.base/sun.nio.fs=ALL-UNNAMED -Declipse.application=org.eclipse.jdt.ls.core.id1 -Dosgi.bundles.defaultStartLevel=4 -Declipse.product=org.eclipse.jdt.ls.core.product -Djava.import.generatesMetadataFilesAtProjectRoot=false -DDetectVMInstallationsJob.disabled=true -Dfile.encoding=utf8 -XX:+UseParallelGC -XX:GCTimeRatio=4 -XX:AdaptiveSizePolicyWeight=90 -Dsun.zip.disableMemoryMapping=true -Xmx2G -Xms100m -Xlog:disable -javaagent:c:\Users\akand\.windsurf\extensions\redhat.java-1.53.0-win32-x64\lombok\lombok-1.18.39-4050.jar -XX:+HeapDumpOnOutOfMemoryError -XX:HeapDumpPath=c:\Users\akand\AppData\Roaming\Windsurf\User\workspaceStorage\8ca991e91ea8bf6a4267e723cca2772a\redhat.java -Daether.dependencyCollector.impl=bf 
java_command: c:\Users\akand\.windsurf\extensions\redhat.java-1.53.0-win32-x64\server\plugins\org.eclipse.equinox.launcher_1.7.100.v20251111-0406.jar -configuration c:\Users\akand\AppData\Roaming\Windsurf\User\globalStorage\redhat.java\1.53.0\config_win -data c:\Users\akand\AppData\Roaming\Windsurf\User\workspaceStorage\8ca991e91ea8bf6a4267e723cca2772a\redhat.java\jdt_ws --pipe=\\.\pipe\lsp-beecb28d0b05d7bd99de839b5bf08f51-sock
java_class_path (initial): c:\Users\akand\.windsurf\extensions\redhat.java-1.53.0-win32-x64\server\plugins\org.eclipse.equinox.launcher_1.7.100.v20251111-0406.jar
Launcher Type: SUN_STANDARD

[Global flags]
    uintx AdaptiveSizePolicyWeight                 = 90                                        {product} {command line}
     intx CICompilerCount                          = 4                                         {product} {ergonomic}
    uintx GCTimeRatio                              = 4                                         {product} {command line}
     bool HeapDumpOnOutOfMemoryError               = true                                   {manageable} {command line}
    ccstr HeapDumpPath                             = c:\Users\akand\AppData\Roaming\Windsurf\User\workspaceStorage\8ca991e91ea8bf6a4267e723cca2772a\redhat.java         {manageable} {command line}
   size_t InitialHeapSize                          = 104857600                                 {product} {command line}
   size_t MaxHeapSize                              = 2147483648                                {product} {command line}
   size_t MaxNewSize                               = 715653120                                 {product} {ergonomic}
   size_t MinHeapDeltaBytes                        = 524288                                    {product} {ergonomic}
   size_t MinHeapSize                              = 104857600                                 {product} {command line}
   size_t NewSize                                  = 34603008                                  {product} {ergonomic}
    uintx NonNMethodCodeHeapSize                   = 5839372                                {pd product} {ergonomic}
    uintx NonProfiledCodeHeapSize                  = 122909434                              {pd product} {ergonomic}
   size_t OldSize                                  = 70254592                                  {product} {ergonomic}
    uintx ProfiledCodeHeapSize                     = 122909434                              {pd product} {ergonomic}
    uintx ReservedCodeCacheSize                    = 251658240                              {pd product} {ergonomic}
     bool SegmentedCodeCache                       = true                                      {product} {ergonomic}
   size_t SoftMaxHeapSize                          = 2147483648                             {manageable} {ergonomic}
     bool UseCompressedOops                        = true                           {product lp64_product} {ergonomic}
     bool UseLargePagesIndividualAllocation        = false                                  {pd product} {ergonomic}
     bool UseParallelGC                            = true                                      {product} {command line}

Logging:
Log output configuration:
 #0: stdout all=off uptime,level,tags foldmultilines=false
 #1: stderr all=off uptime,level,tags foldmultilines=false

Release file:
JAVA_VERSION="21.0.10" 
MODULES="java.base java.compiler java.datatransfer java.xml java.prefs java.desktop java.instrument java.logging java.management java.security.sasl java.naming java.rmi java.management.rmi java.net.http java.scripting java.security.jgss java.transaction.xa java.sql java.sql.rowset java.xml.crypto java.se java.smartcardio jdk.accessibility jdk.internal.jvmstat jdk.attach jdk.charsets jdk.internal.opt jdk.zipfs jdk.compiler jdk.crypto.ec jdk.crypto.cryptoki jdk.crypto.mscapi jdk.dynalink jdk.internal.ed jdk.editpad jdk.hotspot.agent jdk.httpserver jdk.internal.le jdk.internal.vm.ci jdk.internal.vm.compiler jdk.internal.vm.compiler.management jdk.jartool jdk.javadoc jdk.jcmd jdk.management jdk.management.agent jdk.jconsole jdk.jdeps jdk.jdwp.agent jdk.jdi jdk.jfr jdk.jshell jdk.jsobject jdk.jstatd jdk.localedata jdk.management.jfr jdk.naming.dns jdk.naming.rmi jdk.net jdk.nio.mapmode jdk.random jdk.sctp jdk.security.auth jdk.security.jgss jdk.unsupported jdk.unsupported.desktop jdk.xml.dom" 

Environment Variables:
JAVA_HOME=C:\Program Files\Java\jdk-21
PATH=C:\Apache\Maven\bin;C:\Python314\;C:\Program Files\Common Files\Oracle\Java\javapath;C:\Program Files (x86)\Common Files\Oracle\Java\java8path;C:\Program Files (x86)\Common Files\Oracle\Java\javapath;C:\WINDOWS\system32;C:\WINDOWS;C:\WINDOWS\System32\Wbem;C:\WINDOWS\System32\WindowsPowerShell\v1.0\;C:\WINDOWS\System32\OpenSSH\;C:\Program Files\Git\cmd;C:\Program Files\nodejs\;C:\ProgramData\chocolatey\bin;C:\Program Files\MySQL\MySQL Server 8.0\bin;C:\Program Files\Apache\Maven\bin;;C:\Program Files\Docker\Docker\resources\bin;C:\Program Files\MySQL\MySQL Shell 8.0\bin\;C:\Users\akand\AppData\Local\Microsoft\WindowsApps;C:\Users\akand\AppData\Roaming\npm;C:\Users\akand\AppData\Local\Programs\Microsoft VS Code\bin;C:\Users\akand\AppData\Local\Programs\cursor\resources\app\bin;C:\Users\akand\AppData\Local\Programs\Antigravity\bin
USERNAME=akand
OS=Windows_NT
PROCESSOR_IDENTIFIER=Intel64 Family 6 Model 165 Stepping 2, GenuineIntel
TMP=C:\Users\akand\AppData\Local\Temp
TEMP=C:\Users\akand\AppData\Local\Temp




Periodic native trim disabled

---------------  S Y S T E M  ---------------

OS:
 Windows 11 , 64 bit Build 26100 (10.0.26100.7920)
OS uptime: 4 days 1:49 hours
Hyper-V role detected

CPU: total 8 (initial active 8) (4 cores per cpu, 2 threads per core) family 6 model 165 stepping 2 microcode 0xe0, cx8, cmov, fxsr, ht, mmx, 3dnowpref, sse, sse2, sse3, ssse3, sse4.1, sse4.2, popcnt, lzcnt, tsc, tscinvbit, avx, avx2, aes, erms, clmul, bmi1, bmi2, adx, fma, vzeroupper, clflush, clflushopt, hv, rdtscp, f16c
Processor Information for the first 8 processors :
  Max Mhz: 2496, Current Mhz: 2496, Mhz Limit: 2496

Memory: 4k page, system-wide physical 8029M (404M free)
TotalPageFile size 32605M (AvailPageFile size 0M)
current process WorkingSet (physical memory assigned to process): 367M, peak: 472M
current process commit charge ("private bytes"): 1048M, peak: 1049M

vm_info: OpenJDK 64-Bit Server VM (21.0.10+7-LTS) for windows-amd64 JRE (21.0.10+7-LTS), built on 2026-01-20T00:00:00Z by "admin" with MS VC++ 17.12 (VS2022)

END.
